// Jest Snapshot v1, https://goo.gl/fbAQLP

exports[`Given the CardList component When the component is mounted Should render children 1`] = `
<div>
  <CardFilter
    onChange={[Function]}
    value={undefined}
  />
  <Connect(CardList) />
</div>
`;
